
Welcome to Gradle 9.0.0!

Here are the highlights of this release:
 - Configuration Cache is the recommended execution mode
 - Gradle requires JVM 17 or higher to run
 - Build scripts use Kotlin 2.2 and Groovy 4.0
 - Improved Kotlin DSL script compilation avoidance

For more details see https://docs.gradle.org/9.0.0/release-notes.html

To honour the JVM settings for this build a single-use Daemon process will be forked. For more on this, please refer to https://docs.gradle.org/9.0.0/userguide/gradle_daemon.html#sec:disabling_the_daemon in the Gradle documentation.
Daemon will be stopped at the end of the build 
Configuration on demand is an incubating feature.
> Task :app:preBuild UP-TO-DATE
> Task :app:preChainwayDebugBuild UP-TO-DATE
> Task :app:mergeChainwayDebugNativeDebugMetadata NO-SOURCE
> Task :app:checkKotlinGradlePluginConfigurationErrors
> Task :app:generateChainwayDebugBuildConfig UP-TO-DATE
> Task :app:checkChainwayDebugAarMetadata UP-TO-DATE
> Task :app:generateChainwayDebugResValues UP-TO-DATE
> Task :app:mapChainwayDebugSourceSetPaths UP-TO-DATE
> Task :app:generateChainwayDebugResources UP-TO-DATE
> Task :app:mergeChainwayDebugResources UP-TO-DATE
> Task :app:packageChainwayDebugResources UP-TO-DATE
> Task :app:parseChainwayDebugLocalResources UP-TO-DATE
> Task :app:createChainwayDebugCompatibleScreenManifests UP-TO-DATE
> Task :app:extractDeepLinksChainwayDebug UP-TO-DATE
> Task :app:processChainwayDebugMainManifest
> Task :app:processChainwayDebugManifest
> Task :app:javaPreCompileChainwayDebug UP-TO-DATE
> Task :app:mergeChainwayDebugShaders UP-TO-DATE
> Task :app:compileChainwayDebugShaders NO-SOURCE
> Task :app:generateChainwayDebugAssets UP-TO-DATE
> Task :app:mergeChainwayDebugAssets UP-TO-DATE
> Task :app:compressChainwayDebugAssets UP-TO-DATE
> Task :app:l8DexDesugarLibChainwayDebug UP-TO-DATE
> Task :app:desugarChainwayDebugFileDependencies UP-TO-DATE
> Task :app:checkChainwayDebugDuplicateClasses UP-TO-DATE
> Task :app:mergeExtDexChainwayDebug UP-TO-DATE
> Task :app:mergeLibDexChainwayDebug UP-TO-DATE
> Task :app:mergeChainwayDebugJniLibFolders UP-TO-DATE
> Task :app:mergeChainwayDebugNativeLibs UP-TO-DATE
> Task :app:stripChainwayDebugDebugSymbols UP-TO-DATE
> Task :app:validateSigningChainwayDebug UP-TO-DATE
> Task :app:writeChainwayDebugAppMetadata UP-TO-DATE
> Task :app:writeChainwayDebugSigningConfigVersions
> Task :app:processChainwayDebugManifestForPackage
> Task :app:processChainwayDebugResources

> Task :app:kspChainwayDebugKotlin
w: Opt-in requirement marker androidx.compose.material.ExperimentalMaterialApi is unresolved. Please make sure it's present in the module dependencies

> Task :app:compileChainwayDebugKotlin
w: Opt-in requirement marker androidx.compose.material.ExperimentalMaterialApi is unresolved. Please make sure it's present in the module dependencies
w: file:///D:/StoreLense/android-soh/android-soh/app/src/main/java/com/storelense/mobile/ui/exceptions/ExceptionsListScreen.kt:28:5 Parameter 'type' is never used
w: file:///D:/StoreLense/android-soh/android-soh/app/src/main/java/com/storelense/mobile/ui/exceptions/ExceptionsScreen.kt:238:31 'ShowChart: ImageVector' is deprecated. Use the AutoMirrored version at Icons.AutoMirrored.Filled.ShowChart
w: file:///D:/StoreLense/android-soh/android-soh/app/src/main/java/com/storelense/mobile/ui/exceptions/GhostAnalysisScreen.kt:25:5 Parameter 'epc' is never used
w: file:///D:/StoreLense/android-soh/android-soh/app/src/main/java/com/storelense/mobile/ui/exceptions/MissingEpcScreen.kt:25:5 Parameter 'epc' is never used
w: file:///D:/StoreLense/android-soh/android-soh/app/src/main/java/com/storelense/mobile/ui/exceptions/MissingEpcScreen.kt:276:52 Extension is shadowed by a member: public final operator fun component1(): A
w: file:///D:/StoreLense/android-soh/android-soh/app/src/main/java/com/storelense/mobile/ui/exceptions/MissingEpcScreen.kt:277:52 Extension is shadowed by a member: public final operator fun component2(): B
w: file:///D:/StoreLense/android-soh/android-soh/app/src/main/java/com/storelense/mobile/ui/exceptions/MissingEpcScreen.kt:278:52 Extension is shadowed by a member: public final operator fun component3(): C
w: file:///D:/StoreLense/android-soh/android-soh/app/src/main/java/com/storelense/mobile/ui/exceptions/MissingEpcScreen.kt:279:52 Extension is shadowed by a member: public final operator fun component4(): D
w: file:///D:/StoreLense/android-soh/android-soh/app/src/main/java/com/storelense/mobile/ui/home/ExpertHomeScreen.kt:35:5 Parameter 'onTransferOut' is never used
w: file:///D:/StoreLense/android-soh/android-soh/app/src/main/java/com/storelense/mobile/ui/home/HomeScreen.kt:481:26 'TrendingDown: ImageVector' is deprecated. Use the AutoMirrored version at Icons.AutoMirrored.Filled.TrendingDown
w: file:///D:/StoreLense/android-soh/android-soh/app/src/main/java/com/storelense/mobile/ui/inbound/InboundScanScreen.kt:31:5 Parameter 'onMissing' is never used
w: file:///D:/StoreLense/android-soh/android-soh/app/src/main/java/com/storelense/mobile/ui/inbound/InboundScanScreen.kt:32:5 Parameter 'onExtra' is never used
w: file:///D:/StoreLense/android-soh/android-soh/app/src/main/java/com/storelense/mobile/ui/locator/GeigerLocatorScreen.kt:31:5 Parameter 'targetEpc' is never used
w: file:///D:/StoreLense/android-soh/android-soh/app/src/main/java/com/storelense/mobile/ui/locator/GeigerLocatorScreen.kt:39:9 Variable 'proximity' is never used
w: file:///D:/StoreLense/android-soh/android-soh/app/src/main/java/com/storelense/mobile/ui/locator/GeigerLocatorScreen.kt:215:71 'VolumeUp: ImageVector' is deprecated. Use the AutoMirrored version at Icons.AutoMirrored.Filled.VolumeUp
w: file:///D:/StoreLense/android-soh/android-soh/app/src/main/java/com/storelense/mobile/ui/locator/GeigerLocatorScreen.kt:215:99 'VolumeOff: ImageVector' is deprecated. Use the AutoMirrored version at Icons.AutoMirrored.Filled.VolumeOff
w: file:///D:/StoreLense/android-soh/android-soh/app/src/main/java/com/storelense/mobile/ui/locator/ItemLocatorScreen.kt:54:44 'ArrowBack: ImageVector' is deprecated. Use the AutoMirrored version at Icons.AutoMirrored.Filled.ArrowBack
w: file:///D:/StoreLense/android-soh/android-soh/app/src/main/java/com/storelense/mobile/ui/locator/ItemLocatorScreen.kt:238:5 Parameter 'targetMatched' is never used
w: file:///D:/StoreLense/android-soh/android-soh/app/src/main/java/com/storelense/mobile/ui/products/ProductFinderScreen.kt:52:44 'ArrowBack: ImageVector' is deprecated. Use the AutoMirrored version at Icons.AutoMirrored.Filled.ArrowBack
w: file:///D:/StoreLense/android-soh/android-soh/app/src/main/java/com/storelense/mobile/ui/products/ProductFinderScreen.kt:314:67 'VolumeUp: ImageVector' is deprecated. Use the AutoMirrored version at Icons.AutoMirrored.Filled.VolumeUp
w: file:///D:/StoreLense/android-soh/android-soh/app/src/main/java/com/storelense/mobile/ui/products/ProductFinderScreen.kt:314:95 'VolumeOff: ImageVector' is deprecated. Use the AutoMirrored version at Icons.AutoMirrored.Filled.VolumeOff
w: file:///D:/StoreLense/android-soh/android-soh/app/src/main/java/com/storelense/mobile/ui/products/ProductFinderScreen.kt:386:5 Parameter 'proximity' is never used
w: file:///D:/StoreLense/android-soh/android-soh/app/src/main/java/com/storelense/mobile/ui/products/ProductFinderScreen.kt:640:32 'ManageSearch: ImageVector' is deprecated. Use the AutoMirrored version at Icons.AutoMirrored.Filled.ManageSearch
w: file:///D:/StoreLense/android-soh/android-soh/app/src/main/java/com/storelense/mobile/ui/products/ProductSearchScreen.kt:55:44 'ArrowBack: ImageVector' is deprecated. Use the AutoMirrored version at Icons.AutoMirrored.Filled.ArrowBack
w: file:///D:/StoreLense/android-soh/android-soh/app/src/main/java/com/storelense/mobile/ui/products/ProductSearchScreen.kt:291:44 Parameter 'syncError' is never used
w: file:///D:/StoreLense/android-soh/android-soh/app/src/main/java/com/storelense/mobile/ui/replenish/ReplenishListViewModel.kt:47:21 Variable 'itemsByTask' is never used
w: file:///D:/StoreLense/android-soh/android-soh/app/src/main/java/com/storelense/mobile/ui/replenish/ReplenishResultScreen.kt:16:27 Parameter 'taskId' is never used
w: file:///D:/StoreLense/android-soh/android-soh/app/src/main/java/com/storelense/mobile/ui/replenish/ReplenishTaskScreen.kt:25:5 Parameter 'taskId' is never used
w: file:///D:/StoreLense/android-soh/android-soh/app/src/main/java/com/storelense/mobile/ui/settings/SettingsViewModel.kt:74:44 'REPLACE' is deprecated. Deprecated in favor of the UPDATE policy. UPDATE policy has very similar behavior: next run of the worker with the same unique name, going to have new specification. However, UPDATE has better defaults: unlike REPLACE policy UPDATE won't cancel the worker if it is currently running and new worker specification will be used only on the next run. Also it preserves original enqueue time, so unlike REPLACE period isn't reset. If you want to preserve previous behavior, CANCEL_AND_REENQUEUE should be used.
w: file:///D:/StoreLense/android-soh/android-soh/app/src/main/java/com/storelense/mobile/ui/soh/ScanModeScreen.kt:54:44 'ArrowBack: ImageVector' is deprecated. Use the AutoMirrored version at Icons.AutoMirrored.Filled.ArrowBack
w: file:///D:/StoreLense/android-soh/android-soh/app/src/main/java/com/storelense/mobile/ui/soh/ScanModeScreen.kt:170:36 'List: ImageVector' is deprecated. Use the AutoMirrored version at Icons.AutoMirrored.Filled.List
w: file:///D:/StoreLense/android-soh/android-soh/app/src/main/java/com/storelense/mobile/ui/soh/ScanScreen.kt:45:5 Parameter 'sessionId' is never used
w: file:///D:/StoreLense/android-soh/android-soh/app/src/main/java/com/storelense/mobile/ui/soh/ScanViewModel.kt:186:41 Unnecessary safe call on a non-null receiver of type String
w: file:///D:/StoreLense/android-soh/android-soh/app/src/main/java/com/storelense/mobile/ui/soh/ScanViewModel.kt:187:41 Unnecessary safe call on a non-null receiver of type String
w: file:///D:/StoreLense/android-soh/android-soh/app/src/main/java/com/storelense/mobile/ui/soh/ScanViewModel.kt:393:38 Elvis operator (?:) always returns the left operand of non-nullable type String
w: file:///D:/StoreLense/android-soh/android-soh/app/src/main/java/com/storelense/mobile/ui/soh/SohResultScreen.kt:19:5 Parameter 'sessionId' is never used
w: file:///D:/StoreLense/android-soh/android-soh/app/src/main/java/com/storelense/mobile/ui/spotcount/QuickSpotCountScreen.kt:43:44 'ArrowBack: ImageVector' is deprecated. Use the AutoMirrored version at Icons.AutoMirrored.Filled.ArrowBack
w: file:///D:/StoreLense/android-soh/android-soh/app/src/main/java/com/storelense/mobile/ui/spotcount/QuickSpotCountScreen.kt:256:57 Parameter 'uniqueSkus' is never used
w: file:///D:/StoreLense/android-soh/android-soh/app/src/main/java/com/storelense/mobile/ui/transfer/TransferOutScreen.kt:53:44 'HelpOutline: ImageVector' is deprecated. Use the AutoMirrored version at Icons.AutoMirrored.Filled.HelpOutline
w: file:///D:/StoreLense/android-soh/android-soh/app/src/main/java/com/storelense/mobile/ui/transfer/TransferReceiveScreen.kt:23:5 Parameter 'transferId' is never used

> Task :app:compileChainwayDebugJavaWithJavac
> Task :app:hiltAggregateDepsChainwayDebug UP-TO-DATE
> Task :app:hiltJavaCompileChainwayDebug
> Task :app:processChainwayDebugJavaRes
> Task :app:transformChainwayDebugClassesWithAsm
> Task :app:mergeChainwayDebugJavaResource
> Task :app:dexBuilderChainwayDebug
> Task :app:mergeChainwayDebugGlobalSynthetics UP-TO-DATE
> Task :app:mergeProjectDexChainwayDebug
> Task :app:packageChainwayDebug
> Task :app:createChainwayDebugApkListingFileRedirect
> Task :app:assembleChainwayDebug

[Incubating] Problems report is available at: file:///D:/StoreLense/android-soh/android-soh/build/reports/problems/problems-report.html

Deprecated Gradle features were used in this build, making it incompatible with Gradle 10.

You can use '--warning-mode all' to show the individual deprecation warnings and determine if they come from your own scripts or plugins.

For more on this, please refer to https://docs.gradle.org/9.0.0/userguide/command_line_interface.html#sec:command_line_warnings in the Gradle documentation.

BUILD SUCCESSFUL in 2m 30s
43 actionable tasks: 17 executed, 26 up-to-date
Consider enabling configuration cache to speed up this build: https://docs.gradle.org/9.0.0/userguide/configuration_cache_enabling.html
